../Core/Src/main.c:100:6:send_cmd	56	dynamic
../Core/Src/main.c:107:6:send_data	56	dynamic
../Core/Src/main.c:113:6:ssd1306_init	64	static
../Core/Src/main.c:136:6:ssd1306_fill	24	static
../Core/Src/main.c:144:6:ssd1306_clear	16	static
../Core/Src/main.c:152:6:ssd1306_set_cursor	32	static
../Core/Src/main.c:160:5:main	16	static
../Core/Src/main.c:226:6:SystemClock_Config	72	static
../Core/Src/main.c:265:13:MX_CRC_Init	8	static
../Core/Src/main.c:291:13:MX_I2C1_Init	8	static
../Core/Src/main.c:325:13:MX_GPIO_Init	16	static
../Core/Src/main.c:348:6:Error_Handler	4	static,ignoring_inline_asm
